
==========================================================================
finish report_tns
--------------------------------------------------------------------------
tns max 0.00

==========================================================================
finish report_wns
--------------------------------------------------------------------------
wns max 0.00

==========================================================================
finish report_worst_slack
--------------------------------------------------------------------------
worst slack max 14.32

==========================================================================
finish report_clock_skew
--------------------------------------------------------------------------
Clock clock
   0.37 source latency Z[6][15]$_DFF_P_/CLK ^
  -0.49 target latency Z[7][30]$_DFF_P_/CLK ^
   0.00 CRPR
--------------
  -0.12 setup skew


==========================================================================
finish report_checks -path_delay min
--------------------------------------------------------------------------
Startpoint: Z[6][1]$_DFF_P_ (rising edge-triggered flip-flop clocked by clock)
Endpoint: Z[7][1]$_DFF_P_ (rising edge-triggered flip-flop clocked by clock)
Path Group: clock
Path Type: min

Fanout     Cap    Slew   Delay    Time   Description
-----------------------------------------------------------------------------
                          0.00    0.00   clock clock (rise edge)
                          0.00    0.00   clock source latency
     1    0.08    0.00    0.00    0.00 ^ clock (in)
                                         clock (net)
                  0.02    0.01    0.01 ^ clkbuf_0_clock/A (sg13g2_buf_16)
    16    0.48    0.13    0.13    0.14 ^ clkbuf_0_clock/X (sg13g2_buf_16)
                                         clknet_0_clock (net)
                  0.13    0.02    0.16 ^ clkbuf_4_2_0_clock/A (sg13g2_buf_16)
     4    0.10    0.04    0.12    0.28 ^ clkbuf_4_2_0_clock/X (sg13g2_buf_16)
                                         clknet_4_2_0_clock (net)
                  0.04    0.01    0.29 ^ clkbuf_6_10__f_clock/A (sg13g2_buf_16)
     8    0.14    0.05    0.09    0.38 ^ clkbuf_6_10__f_clock/X (sg13g2_buf_16)
                                         clknet_6_10__leaf_clock (net)
                  0.05    0.00    0.38 ^ Z[6][1]$_DFF_P_/CLK (sg13g2_dfrbp_1)
     2    0.01    0.06    0.19    0.58 v Z[6][1]$_DFF_P_/Q_N (sg13g2_dfrbp_1)
                                         _00746_ (net)
                  0.06    0.00    0.58 v Z[7][1]$_DFF_P_/D (sg13g2_dfrbp_1)
                                  0.58   data arrival time

                          0.00    0.00   clock clock (rise edge)
                          0.00    0.00   clock source latency
     1    0.08    0.00    0.00    0.00 ^ clock (in)
                                         clock (net)
                  0.02    0.01    0.01 ^ clkbuf_0_clock/A (sg13g2_buf_16)
    16    0.48    0.13    0.13    0.14 ^ clkbuf_0_clock/X (sg13g2_buf_16)
                                         clknet_0_clock (net)
                  0.13    0.02    0.16 ^ clkbuf_4_2_0_clock/A (sg13g2_buf_16)
     4    0.10    0.04    0.12    0.28 ^ clkbuf_4_2_0_clock/X (sg13g2_buf_16)
                                         clknet_4_2_0_clock (net)
                  0.04    0.01    0.29 ^ clkbuf_6_10__f_clock/A (sg13g2_buf_16)
     8    0.14    0.05    0.09    0.38 ^ clkbuf_6_10__f_clock/X (sg13g2_buf_16)
                                         clknet_6_10__leaf_clock (net)
                  0.05    0.01    0.39 ^ clkbuf_leaf_381_clock/A (sg13g2_buf_16)
     3    0.01    0.02    0.07    0.46 ^ clkbuf_leaf_381_clock/X (sg13g2_buf_16)
                                         clknet_leaf_381_clock (net)
                  0.02    0.00    0.46 ^ Z[7][1]$_DFF_P_/CLK (sg13g2_dfrbp_1)
                          0.00    0.46   clock reconvergence pessimism
                         -0.04    0.41   library hold time
                                  0.41   data required time
-----------------------------------------------------------------------------
                                  0.41   data required time
                                 -0.58   data arrival time
-----------------------------------------------------------------------------
                                  0.16   slack (MET)



==========================================================================
finish report_checks -path_delay max
--------------------------------------------------------------------------
Startpoint: angle[29] (input port clocked by clock)
Endpoint: Y[0][4]$_DFF_P_ (rising edge-triggered flip-flop clocked by clock)
Path Group: clock
Path Type: max

Fanout     Cap    Slew   Delay    Time   Description
-----------------------------------------------------------------------------
                          0.00    0.00   clock clock (rise edge)
                          0.00    0.00   clock network delay (propagated)
                          4.00    4.00 v input external delay
     1    0.00    0.00    0.00    4.00 v angle[29] (in)
                                         angle[29] (net)
                  0.00    0.00    4.00 v input54/A (sg13g2_buf_1)
     2    0.02    0.06    0.08    4.08 v input54/X (sg13g2_buf_1)
                                         net1046 (net)
                  0.06    0.00    4.08 v _11852_/C (sg13g2_nor4_1)
     1    0.01    0.16    0.17    4.26 ^ _11852_/Y (sg13g2_nor4_1)
                                         _03987_ (net)
                  0.16    0.00    4.26 ^ _11854_/C (sg13g2_nand4_1)
     2    0.05    0.58    0.53    4.79 v _11854_/Y (sg13g2_nand4_1)
                                         _03989_ (net)
                  0.58    0.01    4.79 v _11868_/A1 (sg13g2_o21ai_1)
     8    0.04    0.46    0.53    5.32 ^ _11868_/Y (sg13g2_o21ai_1)
                                         _04001_ (net)
                  0.46    0.00    5.33 ^ place3169/A (sg13g2_buf_1)
     5    0.02    0.11    0.23    5.55 ^ place3169/X (sg13g2_buf_1)
                                         net4161 (net)
                  0.11    0.00    5.56 ^ place3170/A (sg13g2_buf_4)
     6    0.03    0.05    0.14    5.70 ^ place3170/X (sg13g2_buf_4)
                                         net4162 (net)
                  0.05    0.00    5.70 ^ _11872_/A (sg13g2_nand2_2)
     2    0.02    0.06    0.07    5.77 v _11872_/Y (sg13g2_nand2_2)
                                         _04005_ (net)
                  0.06    0.00    5.77 v place3157/A (sg13g2_buf_4)
     8    0.04    0.05    0.11    5.88 v place3157/X (sg13g2_buf_4)
                                         net4149 (net)
                  0.05    0.00    5.88 v _11914_/A2 (sg13g2_o21ai_1)
     1    0.00    0.08    0.10    5.98 ^ _11914_/Y (sg13g2_o21ai_1)
                                         _04043_ (net)
                  0.08    0.00    5.98 ^ _11915_/B1 (sg13g2_a21oi_1)
     1    0.00    0.05    0.05    6.03 v _11915_/Y (sg13g2_a21oi_1)
                                         _00045_ (net)
                  0.05    0.00    6.03 v Y[0][4]$_DFF_P_/D (sg13g2_dfrbp_1)
                                  6.03   data arrival time

                         20.00   20.00   clock clock (rise edge)
                          0.00   20.00   clock source latency
     1    0.08    0.00    0.00   20.00 ^ clock (in)
                                         clock (net)
                  0.02    0.01   20.01 ^ clkbuf_0_clock/A (sg13g2_buf_16)
    16    0.48    0.13    0.13   20.14 ^ clkbuf_0_clock/X (sg13g2_buf_16)
                                         clknet_0_clock (net)
                  0.15    0.03   20.17 ^ clkbuf_4_5_0_clock/A (sg13g2_buf_16)
     4    0.09    0.04    0.13   20.30 ^ clkbuf_4_5_0_clock/X (sg13g2_buf_16)
                                         clknet_4_5_0_clock (net)
                  0.04    0.00   20.30 ^ clkbuf_6_21__f_clock/A (sg13g2_buf_16)
     7    0.14    0.05    0.09   20.39 ^ clkbuf_6_21__f_clock/X (sg13g2_buf_16)
                                         clknet_6_21__leaf_clock (net)
                  0.05    0.01   20.40 ^ clkbuf_leaf_93_clock/A (sg13g2_buf_16)
     4    0.01    0.02    0.07   20.47 ^ clkbuf_leaf_93_clock/X (sg13g2_buf_16)
                                         clknet_leaf_93_clock (net)
                  0.02    0.00   20.47 ^ Y[0][4]$_DFF_P_/CLK (sg13g2_dfrbp_1)
                          0.00   20.47   clock reconvergence pessimism
                         -0.12   20.35   library setup time
                                 20.35   data required time
-----------------------------------------------------------------------------
                                 20.35   data required time
                                 -6.03   data arrival time
-----------------------------------------------------------------------------
                                 14.32   slack (MET)



==========================================================================
finish report_checks -unconstrained
--------------------------------------------------------------------------
Startpoint: angle[29] (input port clocked by clock)
Endpoint: Y[0][4]$_DFF_P_ (rising edge-triggered flip-flop clocked by clock)
Path Group: clock
Path Type: max

Fanout     Cap    Slew   Delay    Time   Description
-----------------------------------------------------------------------------
                          0.00    0.00   clock clock (rise edge)
                          0.00    0.00   clock network delay (propagated)
                          4.00    4.00 v input external delay
     1    0.00    0.00    0.00    4.00 v angle[29] (in)
                                         angle[29] (net)
                  0.00    0.00    4.00 v input54/A (sg13g2_buf_1)
     2    0.02    0.06    0.08    4.08 v input54/X (sg13g2_buf_1)
                                         net1046 (net)
                  0.06    0.00    4.08 v _11852_/C (sg13g2_nor4_1)
     1    0.01    0.16    0.17    4.26 ^ _11852_/Y (sg13g2_nor4_1)
                                         _03987_ (net)
                  0.16    0.00    4.26 ^ _11854_/C (sg13g2_nand4_1)
     2    0.05    0.58    0.53    4.79 v _11854_/Y (sg13g2_nand4_1)
                                         _03989_ (net)
                  0.58    0.01    4.79 v _11868_/A1 (sg13g2_o21ai_1)
     8    0.04    0.46    0.53    5.32 ^ _11868_/Y (sg13g2_o21ai_1)
                                         _04001_ (net)
                  0.46    0.00    5.33 ^ place3169/A (sg13g2_buf_1)
     5    0.02    0.11    0.23    5.55 ^ place3169/X (sg13g2_buf_1)
                                         net4161 (net)
                  0.11    0.00    5.56 ^ place3170/A (sg13g2_buf_4)
     6    0.03    0.05    0.14    5.70 ^ place3170/X (sg13g2_buf_4)
                                         net4162 (net)
                  0.05    0.00    5.70 ^ _11872_/A (sg13g2_nand2_2)
     2    0.02    0.06    0.07    5.77 v _11872_/Y (sg13g2_nand2_2)
                                         _04005_ (net)
                  0.06    0.00    5.77 v place3157/A (sg13g2_buf_4)
     8    0.04    0.05    0.11    5.88 v place3157/X (sg13g2_buf_4)
                                         net4149 (net)
                  0.05    0.00    5.88 v _11914_/A2 (sg13g2_o21ai_1)
     1    0.00    0.08    0.10    5.98 ^ _11914_/Y (sg13g2_o21ai_1)
                                         _04043_ (net)
                  0.08    0.00    5.98 ^ _11915_/B1 (sg13g2_a21oi_1)
     1    0.00    0.05    0.05    6.03 v _11915_/Y (sg13g2_a21oi_1)
                                         _00045_ (net)
                  0.05    0.00    6.03 v Y[0][4]$_DFF_P_/D (sg13g2_dfrbp_1)
                                  6.03   data arrival time

                         20.00   20.00   clock clock (rise edge)
                          0.00   20.00   clock source latency
     1    0.08    0.00    0.00   20.00 ^ clock (in)
                                         clock (net)
                  0.02    0.01   20.01 ^ clkbuf_0_clock/A (sg13g2_buf_16)
    16    0.48    0.13    0.13   20.14 ^ clkbuf_0_clock/X (sg13g2_buf_16)
                                         clknet_0_clock (net)
                  0.15    0.03   20.17 ^ clkbuf_4_5_0_clock/A (sg13g2_buf_16)
     4    0.09    0.04    0.13   20.30 ^ clkbuf_4_5_0_clock/X (sg13g2_buf_16)
                                         clknet_4_5_0_clock (net)
                  0.04    0.00   20.30 ^ clkbuf_6_21__f_clock/A (sg13g2_buf_16)
     7    0.14    0.05    0.09   20.39 ^ clkbuf_6_21__f_clock/X (sg13g2_buf_16)
                                         clknet_6_21__leaf_clock (net)
                  0.05    0.01   20.40 ^ clkbuf_leaf_93_clock/A (sg13g2_buf_16)
     4    0.01    0.02    0.07   20.47 ^ clkbuf_leaf_93_clock/X (sg13g2_buf_16)
                                         clknet_leaf_93_clock (net)
                  0.02    0.00   20.47 ^ Y[0][4]$_DFF_P_/CLK (sg13g2_dfrbp_1)
                          0.00   20.47   clock reconvergence pessimism
                         -0.12   20.35   library setup time
                                 20.35   data required time
-----------------------------------------------------------------------------
                                 20.35   data required time
                                 -6.03   data arrival time
-----------------------------------------------------------------------------
                                 14.32   slack (MET)



==========================================================================
finish report_check_types -max_slew -max_cap -max_fanout -violators
--------------------------------------------------------------------------
max fanout

Pin                                   Limit Fanout  Slack
---------------------------------------------------------
clkbuf_0_clock/X                          8     16     -8 (VIOLATED)


==========================================================================
finish max_slew_check_slack
--------------------------------------------------------------------------
1.9224213361740112

==========================================================================
finish max_slew_check_limit
--------------------------------------------------------------------------
2.5074000358581543

==========================================================================
finish max_slew_check_slack_limit
--------------------------------------------------------------------------
0.7667

==========================================================================
finish max_fanout_check_slack
--------------------------------------------------------------------------
-8.0

==========================================================================
finish max_fanout_check_limit
--------------------------------------------------------------------------
8.0

==========================================================================
finish max_fanout_check_slack_limit
--------------------------------------------------------------------------
-1.0000

==========================================================================
finish max_capacitance_check_slack
--------------------------------------------------------------------------
0.2264498919248581

==========================================================================
finish max_capacitance_check_limit
--------------------------------------------------------------------------
0.30000001192092896

==========================================================================
finish max_capacitance_check_slack_limit
--------------------------------------------------------------------------
0.7548

==========================================================================
finish max_slew_violation_count
--------------------------------------------------------------------------
max slew violation count 0

==========================================================================
finish max_fanout_violation_count
--------------------------------------------------------------------------
max fanout violation count 1

==========================================================================
finish max_cap_violation_count
--------------------------------------------------------------------------
max cap violation count 0

==========================================================================
finish setup_violation_count
--------------------------------------------------------------------------
setup violation count 0

==========================================================================
finish hold_violation_count
--------------------------------------------------------------------------
hold violation count 0

==========================================================================
finish report_checks -path_delay max reg to reg
--------------------------------------------------------------------------
Startpoint: Z[9][31]$_DFF_P_ (rising edge-triggered flip-flop clocked by clock)
Endpoint: Y[10][16]$_DFF_P_ (rising edge-triggered flip-flop clocked by clock)
Path Group: clock
Path Type: max

  Delay    Time   Description
---------------------------------------------------------
   0.00    0.00   clock clock (rise edge)
   0.00    0.00   clock source latency
   0.00    0.00 ^ clock (in)
   0.14    0.14 ^ clkbuf_0_clock/X (sg13g2_buf_16)
   0.15    0.29 ^ clkbuf_4_12_0_clock/X (sg13g2_buf_16)
   0.10    0.39 ^ clkbuf_6_49__f_clock/X (sg13g2_buf_16)
   0.07    0.46 ^ clkbuf_leaf_155_clock/X (sg13g2_buf_16)
   0.00    0.46 ^ Z[9][31]$_DFF_P_/CLK (sg13g2_dfrbp_1)
   0.27    0.73 v Z[9][31]$_DFF_P_/Q (sg13g2_dfrbp_1)
   0.13    0.86 v place3234/X (sg13g2_buf_4)
   0.10    0.97 ^ _20667_/Y (sg13g2_nor2b_1)
   0.12    1.09 v _20678_/Y (sg13g2_nand3b_1)
   0.13    1.22 v _20679_/X (sg13g2_and3_2)
   0.41    1.63 ^ _20692_/Y (sg13g2_a221oi_1)
   0.31    1.94 v _20740_/Y (sg13g2_a22oi_1)
   0.12    2.06 ^ _20772_/Y (sg13g2_nand4_1)
   0.21    2.27 v _20780_/Y (sg13g2_nand4_1)
   0.19    2.46 ^ _20797_/Y (sg13g2_nor3_2)
   0.10    2.56 v _20828_/Y (sg13g2_nor3_1)
   0.15    2.71 ^ _20839_/Y (sg13g2_nor3_1)
   0.06    2.77 v _20840_/Y (sg13g2_nor3_1)
   0.17    2.94 v _20841_/X (sg13g2_or3_1)
   0.17    3.11 ^ _20890_/Y (sg13g2_a221oi_1)
   0.20    3.31 v _20892_/Y (sg13g2_xnor2_1)
   0.00    3.31 v Y[10][16]$_DFF_P_/D (sg13g2_dfrbp_1)
           3.31   data arrival time

  20.00   20.00   clock clock (rise edge)
   0.00   20.00   clock source latency
   0.00   20.00 ^ clock (in)
   0.14   20.14 ^ clkbuf_0_clock/X (sg13g2_buf_16)
   0.17   20.31 ^ clkbuf_4_14_0_clock/X (sg13g2_buf_16)
   0.10   20.41 ^ clkbuf_6_56__f_clock/X (sg13g2_buf_16)
   0.00   20.42 ^ Y[10][16]$_DFF_P_/CLK (sg13g2_dfrbp_1)
   0.00   20.42   clock reconvergence pessimism
  -0.16   20.26   library setup time
          20.26   data required time
---------------------------------------------------------
          20.26   data required time
          -3.31   data arrival time
---------------------------------------------------------
          16.95   slack (MET)



==========================================================================
finish report_checks -path_delay min reg to reg
--------------------------------------------------------------------------
Startpoint: Z[6][1]$_DFF_P_ (rising edge-triggered flip-flop clocked by clock)
Endpoint: Z[7][1]$_DFF_P_ (rising edge-triggered flip-flop clocked by clock)
Path Group: clock
Path Type: min

  Delay    Time   Description
---------------------------------------------------------
   0.00    0.00   clock clock (rise edge)
   0.00    0.00   clock source latency
   0.00    0.00 ^ clock (in)
   0.14    0.14 ^ clkbuf_0_clock/X (sg13g2_buf_16)
   0.14    0.28 ^ clkbuf_4_2_0_clock/X (sg13g2_buf_16)
   0.10    0.38 ^ clkbuf_6_10__f_clock/X (sg13g2_buf_16)
   0.00    0.38 ^ Z[6][1]$_DFF_P_/CLK (sg13g2_dfrbp_1)
   0.19    0.58 v Z[6][1]$_DFF_P_/Q_N (sg13g2_dfrbp_1)
   0.00    0.58 v Z[7][1]$_DFF_P_/D (sg13g2_dfrbp_1)
           0.58   data arrival time

   0.00    0.00   clock clock (rise edge)
   0.00    0.00   clock source latency
   0.00    0.00 ^ clock (in)
   0.14    0.14 ^ clkbuf_0_clock/X (sg13g2_buf_16)
   0.14    0.28 ^ clkbuf_4_2_0_clock/X (sg13g2_buf_16)
   0.10    0.38 ^ clkbuf_6_10__f_clock/X (sg13g2_buf_16)
   0.08    0.46 ^ clkbuf_leaf_381_clock/X (sg13g2_buf_16)
   0.00    0.46 ^ Z[7][1]$_DFF_P_/CLK (sg13g2_dfrbp_1)
   0.00    0.46   clock reconvergence pessimism
  -0.04    0.41   library hold time
           0.41   data required time
---------------------------------------------------------
           0.41   data required time
          -0.58   data arrival time
---------------------------------------------------------
           0.16   slack (MET)



==========================================================================
finish critical path target clock latency max path
--------------------------------------------------------------------------
0.4743

==========================================================================
finish critical path target clock latency min path
--------------------------------------------------------------------------
0.4838

==========================================================================
finish critical path source clock latency min path
--------------------------------------------------------------------------
0.0000

==========================================================================
finish critical path delay
--------------------------------------------------------------------------
6.0299

==========================================================================
finish critical path slack
--------------------------------------------------------------------------
14.3200

==========================================================================
finish slack div critical path delay
--------------------------------------------------------------------------
237.483209

==========================================================================
finish report_power
--------------------------------------------------------------------------
Group                  Internal  Switching    Leakage      Total
                          Power      Power      Power      Power (Watts)
----------------------------------------------------------------
Sequential             5.70e-03   9.32e-04   5.15e-07   6.63e-03  33.7%
Combinational          4.26e-03   4.56e-03   1.44e-06   8.82e-03  44.8%
Clock                  3.19e-03   1.04e-03   7.33e-06   4.23e-03  21.5%
Macro                  0.00e+00   0.00e+00   0.00e+00   0.00e+00   0.0%
Pad                    0.00e+00   0.00e+00   0.00e+00   0.00e+00   0.0%
----------------------------------------------------------------
Total                  1.31e-02   6.53e-03   9.28e-06   1.97e-02 100.0%
                          66.8%      33.2%       0.0%
